* using log directory 'C:/Users/yatsusak/Documents/#packages/cWise/cWise.Rcheck'
* using R version 4.4.3 (2025-02-28 ucrt)
* using platform: x86_64-w64-mingw32
* R was compiled by
    gcc.exe (GCC) 13.3.0
    GNU Fortran (GCC) 13.3.0
* running under: Windows 11 x64 (build 26200)
* using session charset: ASCII
* using option '--as-cran'
* checking for file 'cWise/DESCRIPTION' ... OK
* checking extension type ... Package
* this is package 'cWise' version '0.1.0'
* package encoding: UTF-8
* checking CRAN incoming feasibility ... NOTE
Maintainer: 'Yuki Atsusaka <atsusaka@uh.edu>'

Found the following (possibly) invalid URLs:
  URL: https://doi.org/10.1017/pan.2021.43
    From: inst/CITATION
    Status: Error
    Message: libcurl error code 35:
      	schannel: AcquireCredentialsHandle failed: SEC_E_NO_CREDENTIALS (0x8009030E) - No credentials are available in the security package
  URL: https://github.com/YukiAtsusaka/cWise
    From: DESCRIPTION
          man/cWise-package.Rd
    Status: Error
    Message: libcurl error code 35:
      	schannel: AcquireCredentialsHandle failed: SEC_E_NO_CREDENTIALS (0x8009030E) - No credentials are available in the security package
  URL: https://github.com/YukiAtsusaka/cWise/issues
    From: DESCRIPTION
          man/cWise-package.Rd
    Status: Error
    Message: libcurl error code 35:
      	schannel: AcquireCredentialsHandle failed: SEC_E_NO_CREDENTIALS (0x8009030E) - No credentials are available in the security package
  URL: https://www.atsusaka.org/cwise/
    From: DESCRIPTION
          man/cWise-package.Rd
    Status: Error
    Message: libcurl error code 35:
      	schannel: AcquireCredentialsHandle failed: SEC_E_NO_CREDENTIALS (0x8009030E) - No credentials are available in the security package
* checking package namespace information ... OK
* checking package dependencies ... OK
* checking if this is a source package ... OK
* checking if there is a namespace ... OK
* checking for executable files ... OK
* checking for hidden files and directories ... OK
* checking for portable file names ... OK
* checking whether package 'cWise' can be installed ... OK
* checking installed package size ... OK
* checking package directory ... OK
* checking for future file timestamps ... NOTE
unable to verify current time
* checking 'build' directory ... OK
* checking DESCRIPTION meta-information ... OK
* checking top-level files ... NOTE
Files 'README.md' or 'NEWS.md' cannot be checked without 'pandoc' being installed.
Non-standard file/directory found at top level:
  '_pkgdown.yml'
* checking for left-over files ... OK
* checking index information ... OK
* checking package subdirectories ... OK
* checking code files for non-ASCII characters ... OK
* checking R files for syntax errors ... OK
* checking whether the package can be loaded ... OK
* checking whether the package can be loaded with stated dependencies ... OK
* checking whether the package can be unloaded cleanly ... OK
* checking whether the namespace can be loaded with stated dependencies ... OK
* checking whether the namespace can be unloaded cleanly ... OK
* checking loading without being on the library search path ... OK
* checking use of S3 registration ... OK
* checking dependencies in R code ... OK
* checking S3 generic/method consistency ... OK
* checking replacement functions ... OK
* checking foreign function calls ... OK
* checking R code for possible problems ... OK
* checking Rd files ... OK
* checking Rd metadata ... OK
* checking Rd line widths ... OK
* checking Rd cross-references ... OK
* checking for missing documentation entries ... OK
* checking for code/documentation mismatches ... OK
* checking Rd \usage sections ... OK
* checking Rd contents ... OK
* checking for unstated dependencies in examples ... OK
* checking contents of 'data' directory ... OK
* checking data for non-ASCII characters ... OK
* checking LazyData ... OK
* checking data for ASCII and uncompressed saves ... OK
* checking installed files from 'inst/doc' ... OK
* checking files in 'vignettes' ... OK
* checking examples ... [23s] NOTE
Examples with CPU (user + system) or elapsed time > 5s
            user system elapsed
cmpredict_p 9.58   0.25    9.95
cmreg_p     7.50   0.17    7.77
* checking for unstated dependencies in 'tests' ... OK
* checking tests ... [24s] OK
  Running 'testthat.R' [23s]
* checking for unstated dependencies in vignettes ... OK
* checking package vignettes ... OK
* checking re-building of vignette outputs ... OK
* checking PDF version of manual ... WARNING
LaTeX errors when creating PDF version.
This typically indicates Rd problems.
LaTeX errors found:
* checking PDF version of manual without index ... ERROR
* checking HTML version of manual ... NOTE
Skipping checking math rendering: package 'V8' unavailable
* checking for non-standard things in the check directory ... NOTE
Found the following files/directories:
  'cWise-manual.tex'
* checking for detritus in the temp directory ... OK
* DONE
Status: 1 ERROR, 1 WARNING, 6 NOTEs
